10:00:00 INFO CPU usage=35%
10:00:30 INFO MEMORY usage=61%
10:01:00 INFO DISK usage=45%
10:01:30 WARNING CPU usage=82%
10:02:00 INFO CPU usage=65%
10:02:30 WARNING MEMORY usage=88%
10:03:00 ERROR DATABASE unavailable
10:03:30 INFO DATABASE available
10:04:00 INFO CPU usage=44%
10:04:30 WARNING DISK usage=92%
10:05:00 ERROR API unavailable
10:05:30 ERROR DATABASE connection timeout
10:06:00 INFO API available
10:06:30 INFO MEMORY usage=63%
10:07:00 WARNING CPU usage=89%
10:07:30 ERROR DATABASE connection refused
10:08:00 INFO DATABASE available
10:08:30 WARNING MEMORY usage=91%
10:09:00 ERROR API connection timeout
10:09:30 INFO SYSTEM healthy
